2026-05-13 19:13:51,467 - INFO - Before X_train_cat column : (5634, 17) : 
 : Index(['customerID', 'gender', 'Partner', 'Dependents', 'PhoneService',
       'MultipleLines', 'InternetService', 'OnlineSecurity', 'OnlineBackup',
       'DeviceProtection', 'TechSupport', 'StreamingTV', 'StreamingMovies',
       'Contract', 'PaperlessBilling', 'PaymentMethod', 'Provider'],
      dtype='str')
2026-05-13 19:13:51,467 - INFO - Before X_test_cat column : (1409, 17) : 
 : Index(['customerID', 'gender', 'Partner', 'Dependents', 'PhoneService',
       'MultipleLines', 'InternetService', 'OnlineSecurity', 'OnlineBackup',
       'DeviceProtection', 'TechSupport', 'StreamingTV', 'StreamingMovies',
       'Contract', 'PaperlessBilling', 'PaymentMethod', 'Provider'],
      dtype='str')
2026-05-13 19:13:51,502 - INFO - After nominal X_train_cat column : (5634, 29) : 
 : Index(['customerID', 'Contract', 'gender_Male', 'Partner_Yes',
       'Dependents_Yes', 'PhoneService_Yes', 'MultipleLines_No phone service',
       'MultipleLines_Yes', 'InternetService_Fiber optic',
       'InternetService_No', 'OnlineSecurity_No internet service',
       'OnlineSecurity_Yes', 'OnlineBackup_No internet service',
       'OnlineBackup_Yes', 'DeviceProtection_No internet service',
       'DeviceProtection_Yes', 'TechSupport_No internet service',
       'TechSupport_Yes', 'StreamingTV_No internet service', 'StreamingTV_Yes',
       'StreamingMovies_No internet service', 'StreamingMovies_Yes',
       'PaperlessBilling_Yes', 'PaymentMethod_Credit card (automatic)',
       'PaymentMethod_Electronic check', 'PaymentMethod_Mailed check',
       'Provider_BSNL', 'Provider_Jio', 'Provider_VI'],
      dtype='str')
2026-05-13 19:13:51,502 - INFO - After nominal X_test_cat column : (1409, 29) : 
 : Index(['customerID', 'Contract', 'gender_Male', 'Partner_Yes',
       'Dependents_Yes', 'PhoneService_Yes', 'MultipleLines_No phone service',
       'MultipleLines_Yes', 'InternetService_Fiber optic',
       'InternetService_No', 'OnlineSecurity_No internet service',
       'OnlineSecurity_Yes', 'OnlineBackup_No internet service',
       'OnlineBackup_Yes', 'DeviceProtection_No internet service',
       'DeviceProtection_Yes', 'TechSupport_No internet service',
       'TechSupport_Yes', 'StreamingTV_No internet service', 'StreamingTV_Yes',
       'StreamingMovies_No internet service', 'StreamingMovies_Yes',
       'PaperlessBilling_Yes', 'PaymentMethod_Credit card (automatic)',
       'PaymentMethod_Electronic check', 'PaymentMethod_Mailed check',
       'Provider_BSNL', 'Provider_Jio', 'Provider_VI'],
      dtype='str')
2026-05-13 19:13:51,506 - INFO - After Odinal X_train_cat column : (5634, 28) : 
 : Index(['customerID', 'gender_Male', 'Partner_Yes', 'Dependents_Yes',
       'PhoneService_Yes', 'MultipleLines_No phone service',
       'MultipleLines_Yes', 'InternetService_Fiber optic',
       'InternetService_No', 'OnlineSecurity_No internet service',
       'OnlineSecurity_Yes', 'OnlineBackup_No internet service',
       'OnlineBackup_Yes', 'DeviceProtection_No internet service',
       'DeviceProtection_Yes', 'TechSupport_No internet service',
       'TechSupport_Yes', 'StreamingTV_No internet service', 'StreamingTV_Yes',
       'StreamingMovies_No internet service', 'StreamingMovies_Yes',
       'PaperlessBilling_Yes', 'PaymentMethod_Credit card (automatic)',
       'PaymentMethod_Electronic check', 'PaymentMethod_Mailed check',
       'Provider_BSNL', 'Provider_Jio', 'Provider_VI'],
      dtype='str')
2026-05-13 19:13:51,507 - INFO - After Odinal X_test_cat column : (1409, 29) : 
 : Index(['customerID', 'gender_Male', 'Partner_Yes', 'Dependents_Yes',
       'PhoneService_Yes', 'MultipleLines_No phone service',
       'MultipleLines_Yes', 'InternetService_Fiber optic',
       'InternetService_No', 'OnlineSecurity_No internet service',
       'OnlineSecurity_Yes', 'OnlineBackup_No internet service',
       'OnlineBackup_Yes', 'DeviceProtection_No internet service',
       'DeviceProtection_Yes', 'TechSupport_No internet service',
       'TechSupport_Yes', 'StreamingTV_No internet service', 'StreamingTV_Yes',
       'StreamingMovies_No internet service', 'StreamingMovies_Yes',
       'PaperlessBilling_Yes', 'PaymentMethod_Credit card (automatic)',
       'PaymentMethod_Electronic check', 'PaymentMethod_Mailed check',
       'Provider_BSNL', 'Provider_Jio', 'Provider_VI', 'Contract_od'],
      dtype='str')
2026-05-13 19:13:51,508 - INFO - Train Null values : customerID                               0
gender_Male                              0
Partner_Yes                              0
Dependents_Yes                           0
PhoneService_Yes                         0
MultipleLines_No phone service           0
MultipleLines_Yes                        0
InternetService_Fiber optic              0
InternetService_No                       0
OnlineSecurity_No internet service       0
OnlineSecurity_Yes                       0
OnlineBackup_No internet service         0
OnlineBackup_Yes                         0
DeviceProtection_No internet service     0
DeviceProtection_Yes                     0
TechSupport_No internet service          0
TechSupport_Yes                          0
StreamingTV_No internet service          0
StreamingTV_Yes                          0
StreamingMovies_No internet service      0
StreamingMovies_Yes                      0
PaperlessBilling_Yes                     0
PaymentMethod_Credit card (automatic)    0
PaymentMethod_Electronic check           0
PaymentMethod_Mailed check               0
Provider_BSNL                            0
Provider_Jio                             0
Provider_VI                              0
dtype: int64
2026-05-13 19:13:51,509 - INFO - Test Null values : customerID                               0
gender_Male                              0
Partner_Yes                              0
Dependents_Yes                           0
PhoneService_Yes                         0
MultipleLines_No phone service           0
MultipleLines_Yes                        0
InternetService_Fiber optic              0
InternetService_No                       0
OnlineSecurity_No internet service       0
OnlineSecurity_Yes                       0
OnlineBackup_No internet service         0
OnlineBackup_Yes                         0
DeviceProtection_No internet service     0
DeviceProtection_Yes                     0
TechSupport_No internet service          0
TechSupport_Yes                          0
StreamingTV_No internet service          0
StreamingTV_Yes                          0
StreamingMovies_No internet service      0
StreamingMovies_Yes                      0
PaperlessBilling_Yes                     0
PaymentMethod_Credit card (automatic)    0
PaymentMethod_Electronic check           0
PaymentMethod_Mailed check               0
Provider_BSNL                            0
Provider_Jio                             0
Provider_VI                              0
Contract_od                              0
dtype: int64
