2026-05-13 19:13:54,799 - INFO - Training data independent size : (8276, 32)
2026-05-13 19:13:54,799 - INFO - Training data dependent size : (8276,)
2026-05-13 19:13:54,799 - INFO - Testing data independent size : (1409, 33)
2026-05-13 19:13:54,799 - INFO - Testing data dependent size : (1409,)
2026-05-13 19:13:54,830 - INFO - before :    SeniorCitizen  tenure  MonthlyCharges  TotalCharges  ...  PaymentMethod_Mailed check  Provider_BSNL  Provider_Jio  Provider_VI
0              0      21           64.85        1336.8  ...                         1.0            1.0           0.0          0.0

[1 rows x 32 columns]
2026-05-13 19:13:54,840 - INFO - [[-0.3909051  -0.28989759 -0.11023357 ...  1.79801592 -0.59523839
  -0.60604091]
 [-0.3909051   1.09522053  1.01640181 ... -0.61672048 -0.59523839
  -0.60604091]
 [-0.3909051  -1.12936312 -1.55204825 ... -0.61672048 -0.59523839
  -0.60604091]
 ...
 [-0.3909051   0.29772828  1.16977427 ...  1.26987953 -0.59523839
  -0.07049913]
 [-0.3909051   0.67548777 -1.64115048 ...  1.65326865 -0.59523839
  -0.45926403]
 [-0.3909051  -0.08003121  0.30445698 ...  1.48174886 -0.59523839
  -0.60604091]]
2026-05-13 19:13:55,073 - INFO - test accuracy : 0.7927608232789212
2026-05-13 19:13:55,077 - INFO - test confusion matrix : [[912 124]
 [168 205]]
2026-05-13 19:13:55,086 - INFO - classification report :               precision    recall  f1-score   support

           0       0.84      0.88      0.86      1036
           1       0.62      0.55      0.58       373

    accuracy                           0.79      1409
   macro avg       0.73      0.71      0.72      1409
weighted avg       0.79      0.79      0.79      1409

